<?xml version="1.0" encoding="ISO-8859-1" ?>
<link_info>
   <banner>TMS320C2000 Linker PC v22.6.0.LTS</banner>
   <copyright>Copyright (c) 1996-2018 Texas Instruments Incorporated</copyright>
   <link_time>0x6356955f</link_time>
   <link_errors>0x0</link_errors>
   <output_file>BlinkLED-LAUNCHXL-F28027.out</output_file>
   <entry_point>
      <name>_c_int00</name>
      <address>0x8237</address>
   </entry_point>
   <input_file_list>
      <input_file id="fl-2">
         <path>.\</path>
         <kind>object</kind>
         <file>F2802x_GlobalVariableDefs.obj</file>
         <name>F2802x_GlobalVariableDefs.obj</name>
      </input_file>
      <input_file id="fl-3">
         <path>.\</path>
         <kind>object</kind>
         <file>Peripheral_Setup.obj</file>
         <name>Peripheral_Setup.obj</name>
      </input_file>
      <input_file id="fl-4">
         <path>.\</path>
         <kind>object</kind>
         <file>f2802x_codestartbranch.obj</file>
         <name>f2802x_codestartbranch.obj</name>
      </input_file>
      <input_file id="fl-5">
         <path>.\</path>
         <kind>object</kind>
         <file>f2802x_defaultisr.obj</file>
         <name>f2802x_defaultisr.obj</name>
      </input_file>
      <input_file id="fl-6">
         <path>.\</path>
         <kind>object</kind>
         <file>f2802x_gpio.obj</file>
         <name>f2802x_gpio.obj</name>
      </input_file>
      <input_file id="fl-7">
         <path>.\</path>
         <kind>object</kind>
         <file>f2802x_piectrl.obj</file>
         <name>f2802x_piectrl.obj</name>
      </input_file>
      <input_file id="fl-8">
         <path>.\</path>
         <kind>object</kind>
         <file>f2802x_pievect.obj</file>
         <name>f2802x_pievect.obj</name>
      </input_file>
      <input_file id="fl-9">
         <path>.\</path>
         <kind>object</kind>
         <file>f2802x_sysctrl.obj</file>
         <name>f2802x_sysctrl.obj</name>
      </input_file>
      <input_file id="fl-a">
         <path>.\</path>
         <kind>object</kind>
         <file>f2802x_usdelay.obj</file>
         <name>f2802x_usdelay.obj</name>
      </input_file>
      <input_file id="fl-b">
         <path>.\</path>
         <kind>object</kind>
         <file>main.obj</file>
         <name>main.obj</name>
      </input_file>
      <input_file id="fl-f">
         <kind>object</kind>
         <file>&lt;internal&gt;</file>
         <name>&lt;internal&gt;</name>
      </input_file>
      <input_file id="fl-1b">
         <path>C:\ti\ccs1210\ccs\tools\compiler\ti-cgt-c2000_22.6.0.LTS\lib\</path>
         <kind>archive</kind>
         <file>rts2800_ml.lib</file>
         <name>boot28.asm.obj</name>
      </input_file>
      <input_file id="fl-1c">
         <path>C:\ti\ccs1210\ccs\tools\compiler\ti-cgt-c2000_22.6.0.LTS\lib\</path>
         <kind>archive</kind>
         <file>rts2800_ml.lib</file>
         <name>cpy_tbl.c.obj</name>
      </input_file>
      <input_file id="fl-1d">
         <path>C:\ti\ccs1210\ccs\tools\compiler\ti-cgt-c2000_22.6.0.LTS\lib\</path>
         <kind>archive</kind>
         <file>rts2800_ml.lib</file>
         <name>memcpy.c.obj</name>
      </input_file>
      <input_file id="fl-1e">
         <path>C:\ti\ccs1210\ccs\tools\compiler\ti-cgt-c2000_22.6.0.LTS\lib\</path>
         <kind>archive</kind>
         <file>rts2800_ml.lib</file>
         <name>pre_init.c.obj</name>
      </input_file>
      <input_file id="fl-1f">
         <path>C:\ti\ccs1210\ccs\tools\compiler\ti-cgt-c2000_22.6.0.LTS\lib\</path>
         <kind>archive</kind>
         <file>rts2800_ml.lib</file>
         <name>startup.c.obj</name>
      </input_file>
      <input_file id="fl-20">
         <path>C:\ti\ccs1210\ccs\tools\compiler\ti-cgt-c2000_22.6.0.LTS\lib\</path>
         <kind>archive</kind>
         <file>rts2800_ml.lib</file>
         <name>exit.c.obj</name>
      </input_file>
      <input_file id="fl-21">
         <path>C:\ti\ccs1210\ccs\tools\compiler\ti-cgt-c2000_22.6.0.LTS\lib\</path>
         <kind>archive</kind>
         <file>rts2800_ml.lib</file>
         <name>_lock.c.obj</name>
      </input_file>
      <input_file id="fl-22">
         <path>C:\ti\ccs1210\ccs\tools\compiler\ti-cgt-c2000_22.6.0.LTS\lib\</path>
         <kind>archive</kind>
         <file>rts2800_ml.lib</file>
         <name>args_main.c.obj</name>
      </input_file>
   </input_file_list>
   <object_component_list>
      <object_component id="oc-3a">
         <name>codestart</name>
         <load_address>0x0</load_address>
         <run_address>0x0</run_address>
         <size>0x2</size>
         <input_file_ref idref="fl-4"/>
      </object_component>
      <object_component id="oc-99">
         <name>.text</name>
         <load_address>0x8000</load_address>
         <run_address>0x8000</run_address>
         <size>0x138</size>
         <input_file_ref idref="fl-9"/>
      </object_component>
      <object_component id="oc-40">
         <name>.text:retain</name>
         <load_address>0x8138</load_address>
         <run_address>0x8138</run_address>
         <size>0xff</size>
         <input_file_ref idref="fl-5"/>
      </object_component>
      <object_component id="oc-10">
         <name>.text</name>
         <load_address>0x8237</load_address>
         <run_address>0x8237</run_address>
         <size>0x54</size>
         <input_file_ref idref="fl-1b"/>
      </object_component>
      <object_component id="oc-9c">
         <name>.text</name>
         <load_address>0x828b</load_address>
         <run_address>0x828b</run_address>
         <size>0x32</size>
         <input_file_ref idref="fl-3"/>
      </object_component>
      <object_component id="oc-96">
         <name>.text</name>
         <load_address>0x82bd</load_address>
         <run_address>0x82bd</run_address>
         <size>0x2a</size>
         <input_file_ref idref="fl-b"/>
      </object_component>
      <object_component id="oc-94">
         <name>.text</name>
         <load_address>0x82e7</load_address>
         <run_address>0x82e7</run_address>
         <size>0x29</size>
         <input_file_ref idref="fl-20"/>
      </object_component>
      <object_component id="oc-9a">
         <name>.text</name>
         <load_address>0x8310</load_address>
         <run_address>0x8310</run_address>
         <size>0x28</size>
         <input_file_ref idref="fl-7"/>
      </object_component>
      <object_component id="oc-9b">
         <name>.text</name>
         <load_address>0x8338</load_address>
         <run_address>0x8338</run_address>
         <size>0x26</size>
         <input_file_ref idref="fl-8"/>
      </object_component>
      <object_component id="oc-91">
         <name>.text</name>
         <load_address>0x835e</load_address>
         <run_address>0x835e</run_address>
         <size>0x24</size>
         <input_file_ref idref="fl-1c"/>
      </object_component>
      <object_component id="oc-95">
         <name>.text</name>
         <load_address>0x8382</load_address>
         <run_address>0x8382</run_address>
         <size>0x1d</size>
         <input_file_ref idref="fl-1d"/>
      </object_component>
      <object_component id="oc-93">
         <name>.text</name>
         <load_address>0x839f</load_address>
         <run_address>0x839f</run_address>
         <size>0x11</size>
         <input_file_ref idref="fl-22"/>
      </object_component>
      <object_component id="oc-9d">
         <name>.text</name>
         <load_address>0x83b0</load_address>
         <run_address>0x83b0</run_address>
         <size>0x9</size>
         <input_file_ref idref="fl-21"/>
      </object_component>
      <object_component id="oc-39">
         <name>.text</name>
         <load_address>0x83b9</load_address>
         <run_address>0x83b9</run_address>
         <size>0x8</size>
         <input_file_ref idref="fl-4"/>
      </object_component>
      <object_component id="oc-90">
         <name>.text</name>
         <load_address>0x83c1</load_address>
         <run_address>0x83c1</run_address>
         <size>0x2</size>
         <input_file_ref idref="fl-1e"/>
      </object_component>
      <object_component id="oc-92">
         <name>.text</name>
         <load_address>0x83c3</load_address>
         <run_address>0x83c3</run_address>
         <size>0x1</size>
         <input_file_ref idref="fl-1f"/>
      </object_component>
      <object_component id="oc-80">
         <name>.cinit</name>
         <load_address>0x50</load_address>
         <run_address>0x50</run_address>
         <size>0xe</size>
         <input_file_ref idref="fl-20"/>
      </object_component>
      <object_component id="oc-98">
         <name>.cinit:__lock</name>
         <load_address>0x5e</load_address>
         <run_address>0x5e</run_address>
         <size>0x5</size>
         <input_file_ref idref="fl-21"/>
      </object_component>
      <object_component id="oc-9e">
         <name>.cinit:__unlock</name>
         <load_address>0x63</load_address>
         <run_address>0x63</run_address>
         <size>0x5</size>
         <input_file_ref idref="fl-21"/>
      </object_component>
      <object_component id="oc-5f">
         <name>.cinit</name>
         <load_address>0x68</load_address>
         <run_address>0x68</run_address>
         <size>0x5</size>
         <input_file_ref idref="fl-b"/>
      </object_component>
      <object_component id="oc-66">
         <name>.reset</name>
         <load_address>0x3fffc0</load_address>
         <run_address>0x3fffc0</run_address>
         <size>0x2</size>
         <input_file_ref idref="fl-1b"/>
      </object_component>
      <object_component id="oc-65">
         <name>.stack</name>
         <uninitialized>true</uninitialized>
         <run_address>0x400</run_address>
         <size>0x0</size>
         <input_file_ref idref="fl-1b"/>
      </object_component>
      <object_component id="oc-fe">
         <name>.stack</name>
         <uninitialized>true</uninitialized>
         <run_address>0x400</run_address>
         <size>0x0</size>
      </object_component>
      <object_component id="oc-60">
         <name>.ebss</name>
         <uninitialized>true</uninitialized>
         <run_address>0x8a0a</run_address>
         <size>0x2</size>
         <input_file_ref idref="fl-b"/>
      </object_component>
      <object_component id="oc-81">
         <name>.ebss</name>
         <uninitialized>true</uninitialized>
         <run_address>0x8a00</run_address>
         <size>0x6</size>
         <input_file_ref idref="fl-20"/>
      </object_component>
      <object_component id="oc-97">
         <name>.ebss:__lock</name>
         <uninitialized>true</uninitialized>
         <run_address>0x8a06</run_address>
         <size>0x2</size>
         <input_file_ref idref="fl-21"/>
      </object_component>
      <object_component id="oc-a0">
         <name>.ebss:__unlock</name>
         <uninitialized>true</uninitialized>
         <run_address>0x8a08</run_address>
         <size>0x2</size>
         <input_file_ref idref="fl-21"/>
      </object_component>
      <object_component id="oc-9f">
         <name>.econst:_PieVectTableInit</name>
         <load_address>0x8900</load_address>
         <run_address>0x8900</run_address>
         <size>0x100</size>
         <input_file_ref idref="fl-8"/>
      </object_component>
      <object_component id="oc-11">
         <name>.debug_info</name>
         <load_address>0x0</load_address>
         <run_address>0x0</run_address>
         <size>0xb114</size>
         <input_file_ref idref="fl-2"/>
      </object_component>
      <object_component id="oc-34">
         <name>.debug_info</name>
         <load_address>0xb114</load_address>
         <run_address>0xb114</run_address>
         <size>0x141a</size>
         <input_file_ref idref="fl-3"/>
      </object_component>
      <object_component id="oc-3c">
         <name>.debug_info</name>
         <load_address>0xc52e</load_address>
         <run_address>0xc52e</run_address>
         <size>0x1f2</size>
         <input_file_ref idref="fl-4"/>
      </object_component>
      <object_component id="oc-3f">
         <name>.debug_info</name>
         <load_address>0xc720</load_address>
         <run_address>0xc720</run_address>
         <size>0x2e20</size>
         <input_file_ref idref="fl-5"/>
      </object_component>
      <object_component id="oc-45">
         <name>.debug_info</name>
         <load_address>0xf540</load_address>
         <run_address>0xf540</run_address>
         <size>0x13f8</size>
         <input_file_ref idref="fl-6"/>
      </object_component>
      <object_component id="oc-4a">
         <name>.debug_info</name>
         <load_address>0x10938</load_address>
         <run_address>0x10938</run_address>
         <size>0xc03</size>
         <input_file_ref idref="fl-7"/>
      </object_component>
      <object_component id="oc-4f">
         <name>.debug_info</name>
         <load_address>0x1153b</load_address>
         <run_address>0x1153b</run_address>
         <size>0x1f7f</size>
         <input_file_ref idref="fl-8"/>
      </object_component>
      <object_component id="oc-54">
         <name>.debug_info</name>
         <load_address>0x134ba</load_address>
         <run_address>0x134ba</run_address>
         <size>0x3408</size>
         <input_file_ref idref="fl-9"/>
      </object_component>
      <object_component id="oc-5b">
         <name>.debug_info</name>
         <load_address>0x168c2</load_address>
         <run_address>0x168c2</run_address>
         <size>0x17d</size>
         <input_file_ref idref="fl-a"/>
      </object_component>
      <object_component id="oc-5e">
         <name>.debug_info</name>
         <load_address>0x16a3f</load_address>
         <run_address>0x16a3f</run_address>
         <size>0xc7f</size>
         <input_file_ref idref="fl-b"/>
      </object_component>
      <object_component id="oc-67">
         <name>.debug_info</name>
         <load_address>0x176be</load_address>
         <run_address>0x176be</run_address>
         <size>0x173</size>
         <input_file_ref idref="fl-1b"/>
      </object_component>
      <object_component id="oc-6b">
         <name>.debug_info</name>
         <load_address>0x17831</load_address>
         <run_address>0x17831</run_address>
         <size>0x4fa</size>
         <input_file_ref idref="fl-1c"/>
      </object_component>
      <object_component id="oc-70">
         <name>.debug_info</name>
         <load_address>0x17d2b</load_address>
         <run_address>0x17d2b</run_address>
         <size>0x3d3</size>
         <input_file_ref idref="fl-1d"/>
      </object_component>
      <object_component id="oc-75">
         <name>.debug_info</name>
         <load_address>0x180fe</load_address>
         <run_address>0x180fe</run_address>
         <size>0x346</size>
         <input_file_ref idref="fl-1e"/>
      </object_component>
      <object_component id="oc-7a">
         <name>.debug_info</name>
         <load_address>0x18444</load_address>
         <run_address>0x18444</run_address>
         <size>0x343</size>
         <input_file_ref idref="fl-1f"/>
      </object_component>
      <object_component id="oc-7f">
         <name>.debug_info</name>
         <load_address>0x18787</load_address>
         <run_address>0x18787</run_address>
         <size>0x4dd</size>
         <input_file_ref idref="fl-20"/>
      </object_component>
      <object_component id="oc-86">
         <name>.debug_info</name>
         <load_address>0x18c64</load_address>
         <run_address>0x18c64</run_address>
         <size>0x465</size>
         <input_file_ref idref="fl-21"/>
      </object_component>
      <object_component id="oc-8b">
         <name>.debug_info</name>
         <load_address>0x190c9</load_address>
         <run_address>0x190c9</run_address>
         <size>0x3ee</size>
         <input_file_ref idref="fl-22"/>
      </object_component>
      <object_component id="oc-ff">
         <name>.debug_info</name>
         <load_address>0x194b7</load_address>
         <run_address>0x194b7</run_address>
         <size>0xba</size>
      </object_component>
      <object_component id="oc-12">
         <name>PartIdRegsFile</name>
         <uninitialized>true</uninitialized>
         <run_address>0x8c71</run_address>
         <size>0x1</size>
         <input_file_ref idref="fl-2"/>
      </object_component>
      <object_component id="oc-13">
         <name>EmuKeyVar</name>
         <uninitialized>true</uninitialized>
         <run_address>0x8c3f</run_address>
         <size>0x1</size>
         <input_file_ref idref="fl-2"/>
      </object_component>
      <object_component id="oc-14">
         <name>EmuBModeVar</name>
         <uninitialized>true</uninitialized>
         <run_address>0x8a91</run_address>
         <size>0x1</size>
         <input_file_ref idref="fl-2"/>
      </object_component>
      <object_component id="oc-15">
         <name>FlashScalingVar</name>
         <uninitialized>true</uninitialized>
         <run_address>0x8c7a</run_address>
         <size>0x2</size>
         <input_file_ref idref="fl-2"/>
      </object_component>
      <object_component id="oc-16">
         <name>FlashCallbackVar</name>
         <uninitialized>true</uninitialized>
         <run_address>0x3e</run_address>
         <size>0x2</size>
         <input_file_ref idref="fl-2"/>
      </object_component>
      <object_component id="oc-17">
         <name>SysPwrCtrlRegsFile</name>
         <uninitialized>true</uninitialized>
         <run_address>0x8a3d</run_address>
         <size>0x3</size>
         <input_file_ref idref="fl-2"/>
      </object_component>
      <object_component id="oc-18">
         <name>DevEmuRegsFile</name>
         <uninitialized>true</uninitialized>
         <run_address>0x8abc</run_address>
         <size>0x4</size>
         <input_file_ref idref="fl-2"/>
      </object_component>
      <object_component id="oc-19">
         <name>CpuTimer0RegsFile</name>
         <uninitialized>true</uninitialized>
         <run_address>0x8c72</run_address>
         <size>0x8</size>
         <input_file_ref idref="fl-2"/>
      </object_component>
      <object_component id="oc-1a">
         <name>CpuTimer1RegsFile</name>
         <uninitialized>true</uninitialized>
         <run_address>0x8ca0</run_address>
         <size>0x8</size>
         <input_file_ref idref="fl-2"/>
      </object_component>
      <object_component id="oc-1b">
         <name>CpuTimer2RegsFile</name>
         <uninitialized>true</uninitialized>
         <run_address>0x8ca8</run_address>
         <size>0x8</size>
         <input_file_ref idref="fl-2"/>
      </object_component>
      <object_component id="oc-1c">
         <name>CsmPwlFile</name>
         <uninitialized>true</uninitialized>
         <run_address>0x8cb0</run_address>
         <size>0x8</size>
         <input_file_ref idref="fl-2"/>
      </object_component>
      <object_component id="oc-1d">
         <name>FlashRegsFile</name>
         <uninitialized>true</uninitialized>
         <run_address>0x8cb8</run_address>
         <size>0x8</size>
         <input_file_ref idref="fl-2"/>
      </object_component>
      <object_component id="oc-1e">
         <name>GpioIntRegsFile</name>
         <uninitialized>true</uninitialized>
         <run_address>0x8ab2</run_address>
         <size>0xa</size>
         <input_file_ref idref="fl-2"/>
      </object_component>
      <object_component id="oc-1f">
         <name>CsmRegsFile</name>
         <uninitialized>true</uninitialized>
         <run_address>0x40</run_address>
         <size>0x10</size>
         <input_file_ref idref="fl-2"/>
      </object_component>
      <object_component id="oc-20">
         <name>NmiIntruptRegsFile</name>
         <uninitialized>true</uninitialized>
         <run_address>0x8c51</run_address>
         <size>0x10</size>
         <input_file_ref idref="fl-2"/>
      </object_component>
      <object_component id="oc-21">
         <name>SciaRegsFile</name>
         <uninitialized>true</uninitialized>
         <run_address>0x8c61</run_address>
         <size>0x10</size>
         <input_file_ref idref="fl-2"/>
      </object_component>
      <object_component id="oc-22">
         <name>SpiaRegsFile</name>
         <uninitialized>true</uninitialized>
         <run_address>0x8c80</run_address>
         <size>0x10</size>
         <input_file_ref idref="fl-2"/>
      </object_component>
      <object_component id="oc-23">
         <name>XIntruptRegsFile</name>
         <uninitialized>true</uninitialized>
         <run_address>0x8c90</run_address>
         <size>0x10</size>
         <input_file_ref idref="fl-2"/>
      </object_component>
      <object_component id="oc-24">
         <name>Comp1RegsFile</name>
         <uninitialized>true</uninitialized>
         <run_address>0x8a2c</run_address>
         <size>0x11</size>
         <input_file_ref idref="fl-2"/>
      </object_component>
      <object_component id="oc-25">
         <name>Comp2RegsFile</name>
         <uninitialized>true</uninitialized>
         <run_address>0x8c40</run_address>
         <size>0x11</size>
         <input_file_ref idref="fl-2"/>
      </object_component>
      <object_component id="oc-26">
         <name>PieCtrlRegsFile</name>
         <uninitialized>true</uninitialized>
         <run_address>0x24</run_address>
         <size>0x1a</size>
         <input_file_ref idref="fl-2"/>
      </object_component>
      <object_component id="oc-27">
         <name>SysCtrlRegsFile</name>
         <uninitialized>true</uninitialized>
         <run_address>0x8c20</run_address>
         <size>0x1f</size>
         <input_file_ref idref="fl-2"/>
      </object_component>
      <object_component id="oc-28">
         <name>AdcResultFile</name>
         <uninitialized>true</uninitialized>
         <run_address>0x8a0c</run_address>
         <size>0x20</size>
         <input_file_ref idref="fl-2"/>
      </object_component>
      <object_component id="oc-29">
         <name>ECap1RegsFile</name>
         <uninitialized>true</uninitialized>
         <run_address>0x8a92</run_address>
         <size>0x20</size>
         <input_file_ref idref="fl-2"/>
      </object_component>
      <object_component id="oc-2a">
         <name>GpioDataRegsFile</name>
         <uninitialized>true</uninitialized>
         <run_address>0x8c00</run_address>
         <size>0x20</size>
         <input_file_ref idref="fl-2"/>
      </object_component>
      <object_component id="oc-2b">
         <name>I2caRegsFile</name>
         <uninitialized>true</uninitialized>
         <run_address>0x2</run_address>
         <size>0x22</size>
         <input_file_ref idref="fl-2"/>
      </object_component>
      <object_component id="oc-2c">
         <name>EPwm1RegsFile</name>
         <uninitialized>true</uninitialized>
         <run_address>0x8ac0</run_address>
         <size>0x40</size>
         <input_file_ref idref="fl-2"/>
      </object_component>
      <object_component id="oc-2d">
         <name>EPwm2RegsFile</name>
         <uninitialized>true</uninitialized>
         <run_address>0x8b00</run_address>
         <size>0x40</size>
         <input_file_ref idref="fl-2"/>
      </object_component>
      <object_component id="oc-2e">
         <name>EPwm3RegsFile</name>
         <uninitialized>true</uninitialized>
         <run_address>0x8b40</run_address>
         <size>0x40</size>
         <input_file_ref idref="fl-2"/>
      </object_component>
      <object_component id="oc-2f">
         <name>EPwm4RegsFile</name>
         <uninitialized>true</uninitialized>
         <run_address>0x8b80</run_address>
         <size>0x40</size>
         <input_file_ref idref="fl-2"/>
      </object_component>
      <object_component id="oc-30">
         <name>GpioCtrlRegsFile</name>
         <uninitialized>true</uninitialized>
         <run_address>0x8bc0</run_address>
         <size>0x40</size>
         <input_file_ref idref="fl-2"/>
      </object_component>
      <object_component id="oc-31">
         <name>AdcRegsFile</name>
         <uninitialized>true</uninitialized>
         <run_address>0x8a40</run_address>
         <size>0x51</size>
         <input_file_ref idref="fl-2"/>
      </object_component>
      <object_component id="oc-32">
         <name>PieVectTableFile</name>
         <uninitialized>true</uninitialized>
         <run_address>0x700</run_address>
         <size>0x100</size>
         <input_file_ref idref="fl-2"/>
      </object_component>
      <object_component id="oc-33">
         <name>.debug_abbrev</name>
         <load_address>0x0</load_address>
         <run_address>0x0</run_address>
         <size>0xb7</size>
         <input_file_ref idref="fl-2"/>
      </object_component>
      <object_component id="oc-37">
         <name>.debug_abbrev</name>
         <load_address>0xb7</load_address>
         <run_address>0xb7</run_address>
         <size>0xdc</size>
         <input_file_ref idref="fl-3"/>
      </object_component>
      <object_component id="oc-3d">
         <name>.debug_abbrev</name>
         <load_address>0x193</load_address>
         <run_address>0x193</run_address>
         <size>0x21</size>
         <input_file_ref idref="fl-4"/>
      </object_component>
      <object_component id="oc-43">
         <name>.debug_abbrev</name>
         <load_address>0x1b4</load_address>
         <run_address>0x1b4</run_address>
         <size>0xde</size>
         <input_file_ref idref="fl-5"/>
      </object_component>
      <object_component id="oc-48">
         <name>.debug_abbrev</name>
         <load_address>0x292</load_address>
         <run_address>0x292</run_address>
         <size>0xdc</size>
         <input_file_ref idref="fl-6"/>
      </object_component>
      <object_component id="oc-4d">
         <name>.debug_abbrev</name>
         <load_address>0x36e</load_address>
         <run_address>0x36e</run_address>
         <size>0xc8</size>
         <input_file_ref idref="fl-7"/>
      </object_component>
      <object_component id="oc-52">
         <name>.debug_abbrev</name>
         <load_address>0x436</load_address>
         <run_address>0x436</run_address>
         <size>0x116</size>
         <input_file_ref idref="fl-8"/>
      </object_component>
      <object_component id="oc-57">
         <name>.debug_abbrev</name>
         <load_address>0x54c</load_address>
         <run_address>0x54c</run_address>
         <size>0x1a3</size>
         <input_file_ref idref="fl-9"/>
      </object_component>
      <object_component id="oc-5c">
         <name>.debug_abbrev</name>
         <load_address>0x6ef</load_address>
         <run_address>0x6ef</run_address>
         <size>0x2f</size>
         <input_file_ref idref="fl-a"/>
      </object_component>
      <object_component id="oc-63">
         <name>.debug_abbrev</name>
         <load_address>0x71e</load_address>
         <run_address>0x71e</run_address>
         <size>0xfe</size>
         <input_file_ref idref="fl-b"/>
      </object_component>
      <object_component id="oc-69">
         <name>.debug_abbrev</name>
         <load_address>0x81c</load_address>
         <run_address>0x81c</run_address>
         <size>0x46</size>
         <input_file_ref idref="fl-1b"/>
      </object_component>
      <object_component id="oc-6e">
         <name>.debug_abbrev</name>
         <load_address>0x862</load_address>
         <run_address>0x862</run_address>
         <size>0xe3</size>
         <input_file_ref idref="fl-1c"/>
      </object_component>
      <object_component id="oc-73">
         <name>.debug_abbrev</name>
         <load_address>0x945</load_address>
         <run_address>0x945</run_address>
         <size>0xa8</size>
         <input_file_ref idref="fl-1d"/>
      </object_component>
      <object_component id="oc-78">
         <name>.debug_abbrev</name>
         <load_address>0x9ed</load_address>
         <run_address>0x9ed</run_address>
         <size>0x68</size>
         <input_file_ref idref="fl-1e"/>
      </object_component>
      <object_component id="oc-7d">
         <name>.debug_abbrev</name>
         <load_address>0xa55</load_address>
         <run_address>0xa55</run_address>
         <size>0x66</size>
         <input_file_ref idref="fl-1f"/>
      </object_component>
      <object_component id="oc-84">
         <name>.debug_abbrev</name>
         <load_address>0xabb</load_address>
         <run_address>0xabb</run_address>
         <size>0x130</size>
         <input_file_ref idref="fl-20"/>
      </object_component>
      <object_component id="oc-89">
         <name>.debug_abbrev</name>
         <load_address>0xbeb</load_address>
         <run_address>0xbeb</run_address>
         <size>0xb2</size>
         <input_file_ref idref="fl-21"/>
      </object_component>
      <object_component id="oc-8e">
         <name>.debug_abbrev</name>
         <load_address>0xc9d</load_address>
         <run_address>0xc9d</run_address>
         <size>0xee</size>
         <input_file_ref idref="fl-22"/>
      </object_component>
      <object_component id="oc-100">
         <name>.debug_abbrev</name>
         <load_address>0xd8b</load_address>
         <run_address>0xd8b</run_address>
         <size>0xf</size>
      </object_component>
      <object_component id="oc-35">
         <name>.debug_frame</name>
         <load_address>0x0</load_address>
         <run_address>0x0</run_address>
         <size>0x38</size>
         <input_file_ref idref="fl-3"/>
      </object_component>
      <object_component id="oc-41">
         <name>.debug_frame</name>
         <load_address>0x38</load_address>
         <run_address>0x38</run_address>
         <size>0x4e8</size>
         <input_file_ref idref="fl-5"/>
      </object_component>
      <object_component id="oc-46">
         <name>.debug_frame</name>
         <load_address>0x520</load_address>
         <run_address>0x520</run_address>
         <size>0x20</size>
         <input_file_ref idref="fl-6"/>
      </object_component>
      <object_component id="oc-4b">
         <name>.debug_frame</name>
         <load_address>0x540</load_address>
         <run_address>0x540</run_address>
         <size>0x50</size>
         <input_file_ref idref="fl-7"/>
      </object_component>
      <object_component id="oc-50">
         <name>.debug_frame</name>
         <load_address>0x590</load_address>
         <run_address>0x590</run_address>
         <size>0x3c</size>
         <input_file_ref idref="fl-8"/>
      </object_component>
      <object_component id="oc-55">
         <name>.debug_frame</name>
         <load_address>0x5cc</load_address>
         <run_address>0x5cc</run_address>
         <size>0x118</size>
         <input_file_ref idref="fl-9"/>
      </object_component>
      <object_component id="oc-61">
         <name>.debug_frame</name>
         <load_address>0x6e4</load_address>
         <run_address>0x6e4</run_address>
         <size>0x38</size>
         <input_file_ref idref="fl-b"/>
      </object_component>
      <object_component id="oc-6c">
         <name>.debug_frame</name>
         <load_address>0x71c</load_address>
         <run_address>0x71c</run_address>
         <size>0x58</size>
         <input_file_ref idref="fl-1c"/>
      </object_component>
      <object_component id="oc-71">
         <name>.debug_frame</name>
         <load_address>0x774</load_address>
         <run_address>0x774</run_address>
         <size>0x38</size>
         <input_file_ref idref="fl-1d"/>
      </object_component>
      <object_component id="oc-76">
         <name>.debug_frame</name>
         <load_address>0x7ac</load_address>
         <run_address>0x7ac</run_address>
         <size>0x38</size>
         <input_file_ref idref="fl-1e"/>
      </object_component>
      <object_component id="oc-7b">
         <name>.debug_frame</name>
         <load_address>0x7e4</load_address>
         <run_address>0x7e4</run_address>
         <size>0x38</size>
         <input_file_ref idref="fl-1f"/>
      </object_component>
      <object_component id="oc-82">
         <name>.debug_frame</name>
         <load_address>0x81c</load_address>
         <run_address>0x81c</run_address>
         <size>0x58</size>
         <input_file_ref idref="fl-20"/>
      </object_component>
      <object_component id="oc-87">
         <name>.debug_frame</name>
         <load_address>0x874</load_address>
         <run_address>0x874</run_address>
         <size>0x68</size>
         <input_file_ref idref="fl-21"/>
      </object_component>
      <object_component id="oc-8c">
         <name>.debug_frame</name>
         <load_address>0x8dc</load_address>
         <run_address>0x8dc</run_address>
         <size>0x38</size>
         <input_file_ref idref="fl-22"/>
      </object_component>
      <object_component id="oc-36">
         <name>.debug_line</name>
         <load_address>0x0</load_address>
         <run_address>0x0</run_address>
         <size>0x61</size>
         <input_file_ref idref="fl-3"/>
      </object_component>
      <object_component id="oc-3b">
         <name>.debug_line</name>
         <load_address>0x61</load_address>
         <run_address>0x61</run_address>
         <size>0x9f</size>
         <input_file_ref idref="fl-4"/>
      </object_component>
      <object_component id="oc-42">
         <name>.debug_line</name>
         <load_address>0x100</load_address>
         <run_address>0x100</run_address>
         <size>0x4fd</size>
         <input_file_ref idref="fl-5"/>
      </object_component>
      <object_component id="oc-47">
         <name>.debug_line</name>
         <load_address>0x5fd</load_address>
         <run_address>0x5fd</run_address>
         <size>0x71</size>
         <input_file_ref idref="fl-6"/>
      </object_component>
      <object_component id="oc-4c">
         <name>.debug_line</name>
         <load_address>0x66e</load_address>
         <run_address>0x66e</run_address>
         <size>0xbe</size>
         <input_file_ref idref="fl-7"/>
      </object_component>
      <object_component id="oc-51">
         <name>.debug_line</name>
         <load_address>0x72c</load_address>
         <run_address>0x72c</run_address>
         <size>0xa8</size>
         <input_file_ref idref="fl-8"/>
      </object_component>
      <object_component id="oc-56">
         <name>.debug_line</name>
         <load_address>0x7d4</load_address>
         <run_address>0x7d4</run_address>
         <size>0x1fe</size>
         <input_file_ref idref="fl-9"/>
      </object_component>
      <object_component id="oc-5a">
         <name>.debug_line</name>
         <load_address>0x9d2</load_address>
         <run_address>0x9d2</run_address>
         <size>0x86</size>
         <input_file_ref idref="fl-a"/>
      </object_component>
      <object_component id="oc-62">
         <name>.debug_line</name>
         <load_address>0xa58</load_address>
         <run_address>0xa58</run_address>
         <size>0x5d</size>
         <input_file_ref idref="fl-b"/>
      </object_component>
      <object_component id="oc-68">
         <name>.debug_line</name>
         <load_address>0xab5</load_address>
         <run_address>0xab5</run_address>
         <size>0x7d</size>
         <input_file_ref idref="fl-1b"/>
      </object_component>
      <object_component id="oc-6d">
         <name>.debug_line</name>
         <load_address>0xb32</load_address>
         <run_address>0xb32</run_address>
         <size>0x50</size>
         <input_file_ref idref="fl-1c"/>
      </object_component>
      <object_component id="oc-72">
         <name>.debug_line</name>
         <load_address>0xb82</load_address>
         <run_address>0xb82</run_address>
         <size>0x62</size>
         <input_file_ref idref="fl-1d"/>
      </object_component>
      <object_component id="oc-77">
         <name>.debug_line</name>
         <load_address>0xbe4</load_address>
         <run_address>0xbe4</run_address>
         <size>0x3e</size>
         <input_file_ref idref="fl-1e"/>
      </object_component>
      <object_component id="oc-7c">
         <name>.debug_line</name>
         <load_address>0xc22</load_address>
         <run_address>0xc22</run_address>
         <size>0x3a</size>
         <input_file_ref idref="fl-1f"/>
      </object_component>
      <object_component id="oc-83">
         <name>.debug_line</name>
         <load_address>0xc5c</load_address>
         <run_address>0xc5c</run_address>
         <size>0x65</size>
         <input_file_ref idref="fl-20"/>
      </object_component>
      <object_component id="oc-88">
         <name>.debug_line</name>
         <load_address>0xcc1</load_address>
         <run_address>0xcc1</run_address>
         <size>0x5e</size>
         <input_file_ref idref="fl-21"/>
      </object_component>
      <object_component id="oc-8d">
         <name>.debug_line</name>
         <load_address>0xd1f</load_address>
         <run_address>0xd1f</run_address>
         <size>0x4f</size>
         <input_file_ref idref="fl-22"/>
      </object_component>
      <object_component id="oc-38">
         <name>.debug_aranges</name>
         <load_address>0x0</load_address>
         <run_address>0x0</run_address>
         <size>0x20</size>
         <input_file_ref idref="fl-3"/>
      </object_component>
      <object_component id="oc-3e">
         <name>.debug_aranges</name>
         <load_address>0x20</load_address>
         <run_address>0x20</run_address>
         <size>0x28</size>
         <input_file_ref idref="fl-4"/>
      </object_component>
      <object_component id="oc-44">
         <name>.debug_aranges</name>
         <load_address>0x48</load_address>
         <run_address>0x48</run_address>
         <size>0x1b0</size>
         <input_file_ref idref="fl-5"/>
      </object_component>
      <object_component id="oc-49">
         <name>.debug_aranges</name>
         <load_address>0x1f8</load_address>
         <run_address>0x1f8</run_address>
         <size>0x18</size>
         <input_file_ref idref="fl-6"/>
      </object_component>
      <object_component id="oc-4e">
         <name>.debug_aranges</name>
         <load_address>0x210</load_address>
         <run_address>0x210</run_address>
         <size>0x28</size>
         <input_file_ref idref="fl-7"/>
      </object_component>
      <object_component id="oc-53">
         <name>.debug_aranges</name>
         <load_address>0x238</load_address>
         <run_address>0x238</run_address>
         <size>0x20</size>
         <input_file_ref idref="fl-8"/>
      </object_component>
      <object_component id="oc-58">
         <name>.debug_aranges</name>
         <load_address>0x258</load_address>
         <run_address>0x258</run_address>
         <size>0x68</size>
         <input_file_ref idref="fl-9"/>
      </object_component>
      <object_component id="oc-5d">
         <name>.debug_aranges</name>
         <load_address>0x2c0</load_address>
         <run_address>0x2c0</run_address>
         <size>0x20</size>
         <input_file_ref idref="fl-a"/>
      </object_component>
      <object_component id="oc-64">
         <name>.debug_aranges</name>
         <load_address>0x2e0</load_address>
         <run_address>0x2e0</run_address>
         <size>0x20</size>
         <input_file_ref idref="fl-b"/>
      </object_component>
      <object_component id="oc-6a">
         <name>.debug_aranges</name>
         <load_address>0x300</load_address>
         <run_address>0x300</run_address>
         <size>0x20</size>
         <input_file_ref idref="fl-1b"/>
      </object_component>
      <object_component id="oc-6f">
         <name>.debug_aranges</name>
         <load_address>0x320</load_address>
         <run_address>0x320</run_address>
         <size>0x20</size>
         <input_file_ref idref="fl-1c"/>
      </object_component>
      <object_component id="oc-74">
         <name>.debug_aranges</name>
         <load_address>0x340</load_address>
         <run_address>0x340</run_address>
         <size>0x20</size>
         <input_file_ref idref="fl-1d"/>
      </object_component>
      <object_component id="oc-79">
         <name>.debug_aranges</name>
         <load_address>0x360</load_address>
         <run_address>0x360</run_address>
         <size>0x20</size>
         <input_file_ref idref="fl-1e"/>
      </object_component>
      <object_component id="oc-7e">
         <name>.debug_aranges</name>
         <load_address>0x380</load_address>
         <run_address>0x380</run_address>
         <size>0x20</size>
         <input_file_ref idref="fl-1f"/>
      </object_component>
      <object_component id="oc-85">
         <name>.debug_aranges</name>
         <load_address>0x3a0</load_address>
         <run_address>0x3a0</run_address>
         <size>0x28</size>
         <input_file_ref idref="fl-20"/>
      </object_component>
      <object_component id="oc-8a">
         <name>.debug_aranges</name>
         <load_address>0x3c8</load_address>
         <run_address>0x3c8</run_address>
         <size>0x30</size>
         <input_file_ref idref="fl-21"/>
      </object_component>
      <object_component id="oc-8f">
         <name>.debug_aranges</name>
         <load_address>0x3f8</load_address>
         <run_address>0x3f8</run_address>
         <size>0x20</size>
         <input_file_ref idref="fl-22"/>
      </object_component>
      <object_component id="oc-59">
         <name>ramfuncs</name>
         <load_address>0x6f</load_address>
         <run_address>0x6f</run_address>
         <size>0x4</size>
         <input_file_ref idref="fl-a"/>
      </object_component>
   </object_component_list>
   <logical_group_list>
      <logical_group id="lg-2" display="no" color="cyan">
         <name>codestart</name>
         <load_address>0x0</load_address>
         <run_address>0x0</run_address>
         <size>0x2</size>
         <contents>
            <object_component_ref idref="oc-3a"/>
         </contents>
      </logical_group>
      <logical_group id="lg-3" display="no" color="cyan">
         <name>.TI.ramfunc</name>
         <run_address>0x0</run_address>
         <size>0x0</size>
         <contents>
         </contents>
      </logical_group>
      <logical_group id="lg-4" display="no" color="cyan">
         <name>.text</name>
         <load_address>0x8000</load_address>
         <run_address>0x8000</run_address>
         <size>0x3c4</size>
         <contents>
            <object_component_ref idref="oc-99"/>
            <object_component_ref idref="oc-40"/>
            <object_component_ref idref="oc-10"/>
            <object_component_ref idref="oc-9c"/>
            <object_component_ref idref="oc-96"/>
            <object_component_ref idref="oc-94"/>
            <object_component_ref idref="oc-9a"/>
            <object_component_ref idref="oc-9b"/>
            <object_component_ref idref="oc-91"/>
            <object_component_ref idref="oc-95"/>
            <object_component_ref idref="oc-93"/>
            <object_component_ref idref="oc-9d"/>
            <object_component_ref idref="oc-39"/>
            <object_component_ref idref="oc-90"/>
            <object_component_ref idref="oc-92"/>
         </contents>
      </logical_group>
      <logical_group id="lg-5" display="no" color="cyan">
         <name>.cinit</name>
         <load_address>0x50</load_address>
         <run_address>0x50</run_address>
         <size>0x1f</size>
         <contents>
            <object_component_ref idref="oc-80"/>
            <object_component_ref idref="oc-98"/>
            <object_component_ref idref="oc-9e"/>
            <object_component_ref idref="oc-5f"/>
         </contents>
      </logical_group>
      <logical_group id="lg-6" display="no" color="cyan">
         <name>.pinit</name>
         <run_address>0x0</run_address>
         <size>0x0</size>
         <contents>
         </contents>
      </logical_group>
      <logical_group id="lg-7" display="no" color="cyan">
         <name>.switch</name>
         <run_address>0x0</run_address>
         <size>0x0</size>
         <contents>
         </contents>
      </logical_group>
      <logical_group id="lg-8" display="no" color="cyan">
         <name>.reset</name>
         <load_address>0x3fffc0</load_address>
         <run_address>0x3fffc0</run_address>
         <size>0x2</size>
         <contents>
            <object_component_ref idref="oc-66"/>
         </contents>
      </logical_group>
      <logical_group id="lg-9" display="no" color="cyan">
         <name>.stack</name>
         <run_address>0x400</run_address>
         <size>0x300</size>
         <contents>
            <object_component_ref idref="oc-65"/>
            <object_component_ref idref="oc-fe"/>
         </contents>
      </logical_group>
      <logical_group id="lg-a" display="no" color="cyan">
         <name>.ebss</name>
         <run_address>0x8a00</run_address>
         <size>0xc</size>
         <contents>
            <object_component_ref idref="oc-60"/>
            <object_component_ref idref="oc-81"/>
            <object_component_ref idref="oc-97"/>
            <object_component_ref idref="oc-a0"/>
         </contents>
      </logical_group>
      <logical_group id="lg-b" display="no" color="cyan">
         <name>.econst</name>
         <load_address>0x8900</load_address>
         <run_address>0x8900</run_address>
         <size>0x100</size>
         <contents>
            <object_component_ref idref="oc-9f"/>
         </contents>
      </logical_group>
      <logical_group id="lg-c" display="no" color="cyan">
         <name>.esysmem</name>
         <run_address>0x0</run_address>
         <size>0x0</size>
         <contents>
         </contents>
      </logical_group>
      <logical_group id="lg-d" display="no" color="cyan">
         <name>IQmath</name>
         <run_address>0x0</run_address>
         <size>0x0</size>
         <contents>
         </contents>
      </logical_group>
      <logical_group id="lg-e" display="no" color="cyan">
         <name>IQmathTables</name>
         <run_address>0x0</run_address>
         <size>0x0</size>
         <contents>
         </contents>
      </logical_group>
      <logical_group id="lg-ae" display="never" color="cyan">
         <name>.debug_info</name>
         <load_address>0x0</load_address>
         <run_address>0x0</run_address>
         <size>0x19571</size>
         <contents>
            <object_component_ref idref="oc-11"/>
            <object_component_ref idref="oc-34"/>
            <object_component_ref idref="oc-3c"/>
            <object_component_ref idref="oc-3f"/>
            <object_component_ref idref="oc-45"/>
            <object_component_ref idref="oc-4a"/>
            <object_component_ref idref="oc-4f"/>
            <object_component_ref idref="oc-54"/>
            <object_component_ref idref="oc-5b"/>
            <object_component_ref idref="oc-5e"/>
            <object_component_ref idref="oc-67"/>
            <object_component_ref idref="oc-6b"/>
            <object_component_ref idref="oc-70"/>
            <object_component_ref idref="oc-75"/>
            <object_component_ref idref="oc-7a"/>
            <object_component_ref idref="oc-7f"/>
            <object_component_ref idref="oc-86"/>
            <object_component_ref idref="oc-8b"/>
            <object_component_ref idref="oc-ff"/>
         </contents>
      </logical_group>
      <logical_group id="lg-b0" display="no" color="cyan">
         <name>PartIdRegsFile</name>
         <run_address>0x8c71</run_address>
         <size>0x1</size>
         <contents>
            <object_component_ref idref="oc-12"/>
         </contents>
      </logical_group>
      <logical_group id="lg-b2" display="no" color="cyan">
         <name>EmuKeyVar</name>
         <run_address>0x8c3f</run_address>
         <size>0x1</size>
         <contents>
            <object_component_ref idref="oc-13"/>
         </contents>
      </logical_group>
      <logical_group id="lg-b4" display="no" color="cyan">
         <name>EmuBModeVar</name>
         <run_address>0x8a91</run_address>
         <size>0x1</size>
         <contents>
            <object_component_ref idref="oc-14"/>
         </contents>
      </logical_group>
      <logical_group id="lg-b6" display="no" color="cyan">
         <name>FlashScalingVar</name>
         <run_address>0x8c7a</run_address>
         <size>0x2</size>
         <contents>
            <object_component_ref idref="oc-15"/>
         </contents>
      </logical_group>
      <logical_group id="lg-b8" display="no" color="cyan">
         <name>FlashCallbackVar</name>
         <run_address>0x3e</run_address>
         <size>0x2</size>
         <contents>
            <object_component_ref idref="oc-16"/>
         </contents>
      </logical_group>
      <logical_group id="lg-ba" display="no" color="cyan">
         <name>SysPwrCtrlRegsFile</name>
         <run_address>0x8a3d</run_address>
         <size>0x3</size>
         <contents>
            <object_component_ref idref="oc-17"/>
         </contents>
      </logical_group>
      <logical_group id="lg-bc" display="no" color="cyan">
         <name>DevEmuRegsFile</name>
         <run_address>0x8abc</run_address>
         <size>0x4</size>
         <contents>
            <object_component_ref idref="oc-18"/>
         </contents>
      </logical_group>
      <logical_group id="lg-be" display="no" color="cyan">
         <name>CpuTimer0RegsFile</name>
         <run_address>0x8c72</run_address>
         <size>0x8</size>
         <contents>
            <object_component_ref idref="oc-19"/>
         </contents>
      </logical_group>
      <logical_group id="lg-c0" display="no" color="cyan">
         <name>CpuTimer1RegsFile</name>
         <run_address>0x8ca0</run_address>
         <size>0x8</size>
         <contents>
            <object_component_ref idref="oc-1a"/>
         </contents>
      </logical_group>
      <logical_group id="lg-c2" display="no" color="cyan">
         <name>CpuTimer2RegsFile</name>
         <run_address>0x8ca8</run_address>
         <size>0x8</size>
         <contents>
            <object_component_ref idref="oc-1b"/>
         </contents>
      </logical_group>
      <logical_group id="lg-c4" display="no" color="cyan">
         <name>CsmPwlFile</name>
         <run_address>0x8cb0</run_address>
         <size>0x8</size>
         <contents>
            <object_component_ref idref="oc-1c"/>
         </contents>
      </logical_group>
      <logical_group id="lg-c6" display="no" color="cyan">
         <name>FlashRegsFile</name>
         <run_address>0x8cb8</run_address>
         <size>0x8</size>
         <contents>
            <object_component_ref idref="oc-1d"/>
         </contents>
      </logical_group>
      <logical_group id="lg-c8" display="no" color="cyan">
         <name>GpioIntRegsFile</name>
         <run_address>0x8ab2</run_address>
         <size>0xa</size>
         <contents>
            <object_component_ref idref="oc-1e"/>
         </contents>
      </logical_group>
      <logical_group id="lg-ca" display="no" color="cyan">
         <name>CsmRegsFile</name>
         <run_address>0x40</run_address>
         <size>0x10</size>
         <contents>
            <object_component_ref idref="oc-1f"/>
         </contents>
      </logical_group>
      <logical_group id="lg-cc" display="no" color="cyan">
         <name>NmiIntruptRegsFile</name>
         <run_address>0x8c51</run_address>
         <size>0x10</size>
         <contents>
            <object_component_ref idref="oc-20"/>
         </contents>
      </logical_group>
      <logical_group id="lg-ce" display="no" color="cyan">
         <name>SciaRegsFile</name>
         <run_address>0x8c61</run_address>
         <size>0x10</size>
         <contents>
            <object_component_ref idref="oc-21"/>
         </contents>
      </logical_group>
      <logical_group id="lg-d0" display="no" color="cyan">
         <name>SpiaRegsFile</name>
         <run_address>0x8c80</run_address>
         <size>0x10</size>
         <contents>
            <object_component_ref idref="oc-22"/>
         </contents>
      </logical_group>
      <logical_group id="lg-d2" display="no" color="cyan">
         <name>XIntruptRegsFile</name>
         <run_address>0x8c90</run_address>
         <size>0x10</size>
         <contents>
            <object_component_ref idref="oc-23"/>
         </contents>
      </logical_group>
      <logical_group id="lg-d4" display="no" color="cyan">
         <name>Comp1RegsFile</name>
         <run_address>0x8a2c</run_address>
         <size>0x11</size>
         <contents>
            <object_component_ref idref="oc-24"/>
         </contents>
      </logical_group>
      <logical_group id="lg-d6" display="no" color="cyan">
         <name>Comp2RegsFile</name>
         <run_address>0x8c40</run_address>
         <size>0x11</size>
         <contents>
            <object_component_ref idref="oc-25"/>
         </contents>
      </logical_group>
      <logical_group id="lg-d8" display="no" color="cyan">
         <name>PieCtrlRegsFile</name>
         <run_address>0x24</run_address>
         <size>0x1a</size>
         <contents>
            <object_component_ref idref="oc-26"/>
         </contents>
      </logical_group>
      <logical_group id="lg-da" display="no" color="cyan">
         <name>SysCtrlRegsFile</name>
         <run_address>0x8c20</run_address>
         <size>0x1f</size>
         <contents>
            <object_component_ref idref="oc-27"/>
         </contents>
      </logical_group>
      <logical_group id="lg-dc" display="no" color="cyan">
         <name>AdcResultFile</name>
         <run_address>0x8a0c</run_address>
         <size>0x20</size>
         <contents>
            <object_component_ref idref="oc-28"/>
         </contents>
      </logical_group>
      <logical_group id="lg-de" display="no" color="cyan">
         <name>ECap1RegsFile</name>
         <run_address>0x8a92</run_address>
         <size>0x20</size>
         <contents>
            <object_component_ref idref="oc-29"/>
         </contents>
      </logical_group>
      <logical_group id="lg-e0" display="no" color="cyan">
         <name>GpioDataRegsFile</name>
         <run_address>0x8c00</run_address>
         <size>0x20</size>
         <contents>
            <object_component_ref idref="oc-2a"/>
         </contents>
      </logical_group>
      <logical_group id="lg-e2" display="no" color="cyan">
         <name>I2caRegsFile</name>
         <run_address>0x2</run_address>
         <size>0x22</size>
         <contents>
            <object_component_ref idref="oc-2b"/>
         </contents>
      </logical_group>
      <logical_group id="lg-e4" display="no" color="cyan">
         <name>EPwm1RegsFile</name>
         <run_address>0x8ac0</run_address>
         <size>0x40</size>
         <contents>
            <object_component_ref idref="oc-2c"/>
         </contents>
      </logical_group>
      <logical_group id="lg-e6" display="no" color="cyan">
         <name>EPwm2RegsFile</name>
         <run_address>0x8b00</run_address>
         <size>0x40</size>
         <contents>
            <object_component_ref idref="oc-2d"/>
         </contents>
      </logical_group>
      <logical_group id="lg-e8" display="no" color="cyan">
         <name>EPwm3RegsFile</name>
         <run_address>0x8b40</run_address>
         <size>0x40</size>
         <contents>
            <object_component_ref idref="oc-2e"/>
         </contents>
      </logical_group>
      <logical_group id="lg-ea" display="no" color="cyan">
         <name>EPwm4RegsFile</name>
         <run_address>0x8b80</run_address>
         <size>0x40</size>
         <contents>
            <object_component_ref idref="oc-2f"/>
         </contents>
      </logical_group>
      <logical_group id="lg-ec" display="no" color="cyan">
         <name>GpioCtrlRegsFile</name>
         <run_address>0x8bc0</run_address>
         <size>0x40</size>
         <contents>
            <object_component_ref idref="oc-30"/>
         </contents>
      </logical_group>
      <logical_group id="lg-ee" display="no" color="cyan">
         <name>AdcRegsFile</name>
         <run_address>0x8a40</run_address>
         <size>0x51</size>
         <contents>
            <object_component_ref idref="oc-31"/>
         </contents>
      </logical_group>
      <logical_group id="lg-f0" display="no" color="cyan">
         <name>PieVectTableFile</name>
         <run_address>0x700</run_address>
         <size>0x100</size>
         <contents>
            <object_component_ref idref="oc-32"/>
         </contents>
      </logical_group>
      <logical_group id="lg-f2" display="never" color="cyan">
         <name>.debug_abbrev</name>
         <load_address>0x0</load_address>
         <run_address>0x0</run_address>
         <size>0xd9a</size>
         <contents>
            <object_component_ref idref="oc-33"/>
            <object_component_ref idref="oc-37"/>
            <object_component_ref idref="oc-3d"/>
            <object_component_ref idref="oc-43"/>
            <object_component_ref idref="oc-48"/>
            <object_component_ref idref="oc-4d"/>
            <object_component_ref idref="oc-52"/>
            <object_component_ref idref="oc-57"/>
            <object_component_ref idref="oc-5c"/>
            <object_component_ref idref="oc-63"/>
            <object_component_ref idref="oc-69"/>
            <object_component_ref idref="oc-6e"/>
            <object_component_ref idref="oc-73"/>
            <object_component_ref idref="oc-78"/>
            <object_component_ref idref="oc-7d"/>
            <object_component_ref idref="oc-84"/>
            <object_component_ref idref="oc-89"/>
            <object_component_ref idref="oc-8e"/>
            <object_component_ref idref="oc-100"/>
         </contents>
      </logical_group>
      <logical_group id="lg-f4" display="never" color="cyan">
         <name>.debug_frame</name>
         <load_address>0x0</load_address>
         <run_address>0x0</run_address>
         <size>0x914</size>
         <contents>
            <object_component_ref idref="oc-35"/>
            <object_component_ref idref="oc-41"/>
            <object_component_ref idref="oc-46"/>
            <object_component_ref idref="oc-4b"/>
            <object_component_ref idref="oc-50"/>
            <object_component_ref idref="oc-55"/>
            <object_component_ref idref="oc-61"/>
            <object_component_ref idref="oc-6c"/>
            <object_component_ref idref="oc-71"/>
            <object_component_ref idref="oc-76"/>
            <object_component_ref idref="oc-7b"/>
            <object_component_ref idref="oc-82"/>
            <object_component_ref idref="oc-87"/>
            <object_component_ref idref="oc-8c"/>
         </contents>
      </logical_group>
      <logical_group id="lg-f6" display="never" color="cyan">
         <name>.debug_line</name>
         <load_address>0x0</load_address>
         <run_address>0x0</run_address>
         <size>0xd6e</size>
         <contents>
            <object_component_ref idref="oc-36"/>
            <object_component_ref idref="oc-3b"/>
            <object_component_ref idref="oc-42"/>
            <object_component_ref idref="oc-47"/>
            <object_component_ref idref="oc-4c"/>
            <object_component_ref idref="oc-51"/>
            <object_component_ref idref="oc-56"/>
            <object_component_ref idref="oc-5a"/>
            <object_component_ref idref="oc-62"/>
            <object_component_ref idref="oc-68"/>
            <object_component_ref idref="oc-6d"/>
            <object_component_ref idref="oc-72"/>
            <object_component_ref idref="oc-77"/>
            <object_component_ref idref="oc-7c"/>
            <object_component_ref idref="oc-83"/>
            <object_component_ref idref="oc-88"/>
            <object_component_ref idref="oc-8d"/>
         </contents>
      </logical_group>
      <logical_group id="lg-f8" display="never" color="cyan">
         <name>.debug_aranges</name>
         <load_address>0x0</load_address>
         <run_address>0x0</run_address>
         <size>0x418</size>
         <contents>
            <object_component_ref idref="oc-38"/>
            <object_component_ref idref="oc-3e"/>
            <object_component_ref idref="oc-44"/>
            <object_component_ref idref="oc-49"/>
            <object_component_ref idref="oc-4e"/>
            <object_component_ref idref="oc-53"/>
            <object_component_ref idref="oc-58"/>
            <object_component_ref idref="oc-5d"/>
            <object_component_ref idref="oc-64"/>
            <object_component_ref idref="oc-6a"/>
            <object_component_ref idref="oc-6f"/>
            <object_component_ref idref="oc-74"/>
            <object_component_ref idref="oc-79"/>
            <object_component_ref idref="oc-7e"/>
            <object_component_ref idref="oc-85"/>
            <object_component_ref idref="oc-8a"/>
            <object_component_ref idref="oc-8f"/>
         </contents>
      </logical_group>
      <logical_group id="lg-fa" display="no" color="cyan">
         <name>ramfuncs</name>
         <load_address>0x6f</load_address>
         <run_address>0x6f</run_address>
         <size>0x4</size>
         <contents>
            <object_component_ref idref="oc-59"/>
         </contents>
      </logical_group>
   </logical_group_list>
   <placement_map>
      <memory_area display="no" color="green">
         <name>BEGIN</name>
         <page_id>0x0</page_id>
         <origin>0x0</origin>
         <length>0x2</length>
         <used_space>0x2</used_space>
         <unused_space>0x0</unused_space>
         <attributes>RWIX</attributes>
         <usage_details>
            <allocated_space>
               <start_address>0x0</start_address>
               <size>0x2</size>
               <logical_group_ref idref="lg-2"/>
            </allocated_space>
         </usage_details>
      </memory_area>
      <memory_area display="yes" color="green">
         <name>RAMM0</name>
         <page_id>0x0</page_id>
         <origin>0x50</origin>
         <length>0x3b0</length>
         <used_space>0x23</used_space>
         <unused_space>0x38d</unused_space>
         <attributes>RWIX</attributes>
         <usage_details>
            <allocated_space>
               <start_address>0x50</start_address>
               <size>0x1f</size>
               <logical_group_ref idref="lg-5"/>
            </allocated_space>
            <allocated_space>
               <start_address>0x6f</start_address>
               <size>0x4</size>
               <logical_group_ref idref="lg-fa"/>
            </allocated_space>
            <available_space>
               <start_address>0x73</start_address>
               <size>0x38d</size>
            </available_space>
         </usage_details>
      </memory_area>
      <memory_area display="yes" color="green">
         <name>PRAML0</name>
         <page_id>0x0</page_id>
         <origin>0x8000</origin>
         <length>0x900</length>
         <used_space>0x3c4</used_space>
         <unused_space>0x53c</unused_space>
         <attributes>RWIX</attributes>
         <usage_details>
            <allocated_space>
               <start_address>0x8000</start_address>
               <size>0x3c4</size>
               <logical_group_ref idref="lg-4"/>
            </allocated_space>
            <available_space>
               <start_address>0x83c4</start_address>
               <size>0x53c</size>
            </available_space>
         </usage_details>
      </memory_area>
      <memory_area display="yes" color="green">
         <name>IQTABLES</name>
         <page_id>0x0</page_id>
         <origin>0x3fe000</origin>
         <length>0xb50</length>
         <used_space>0x0</used_space>
         <unused_space>0xb50</unused_space>
         <attributes>RWIX</attributes>
         <usage_details>
         </usage_details>
      </memory_area>
      <memory_area display="yes" color="green">
         <name>IQTABLES2</name>
         <page_id>0x0</page_id>
         <origin>0x3feb50</origin>
         <length>0x8c</length>
         <used_space>0x0</used_space>
         <unused_space>0x8c</unused_space>
         <attributes>RWIX</attributes>
         <usage_details>
         </usage_details>
      </memory_area>
      <memory_area display="yes" color="green">
         <name>IQTABLES3</name>
         <page_id>0x0</page_id>
         <origin>0x3febdc</origin>
         <length>0xaa</length>
         <used_space>0x0</used_space>
         <unused_space>0xaa</unused_space>
         <attributes>RWIX</attributes>
         <usage_details>
         </usage_details>
      </memory_area>
      <memory_area display="yes" color="green">
         <name>BOOTROM</name>
         <page_id>0x0</page_id>
         <origin>0x3ff27c</origin>
         <length>0xd44</length>
         <used_space>0x0</used_space>
         <unused_space>0xd44</unused_space>
         <attributes>RWIX</attributes>
         <usage_details>
         </usage_details>
      </memory_area>
      <memory_area display="no" color="green">
         <name>RESET</name>
         <page_id>0x0</page_id>
         <origin>0x3fffc0</origin>
         <length>0x2</length>
         <used_space>0x0</used_space>
         <unused_space>0x2</unused_space>
         <attributes>RWIX</attributes>
         <usage_details>
         </usage_details>
      </memory_area>
      <memory_area display="no" color="green">
         <name>BOOT_RSVD</name>
         <page_id>0x1</page_id>
         <origin>0x2</origin>
         <length>0x4e</length>
         <used_space>0x4e</used_space>
         <unused_space>0x0</unused_space>
         <attributes>RWIX</attributes>
         <usage_details>
            <allocated_space>
               <start_address>0x2</start_address>
               <size>0x22</size>
               <logical_group_ref idref="lg-e2"/>
            </allocated_space>
            <allocated_space>
               <start_address>0x24</start_address>
               <size>0x1a</size>
               <logical_group_ref idref="lg-d8"/>
            </allocated_space>
            <allocated_space>
               <start_address>0x3e</start_address>
               <size>0x2</size>
               <logical_group_ref idref="lg-b8"/>
            </allocated_space>
            <allocated_space>
               <start_address>0x40</start_address>
               <size>0x10</size>
               <logical_group_ref idref="lg-ca"/>
            </allocated_space>
         </usage_details>
      </memory_area>
      <memory_area display="yes" color="green">
         <name>RAMM1</name>
         <page_id>0x1</page_id>
         <origin>0x400</origin>
         <length>0x400</length>
         <used_space>0x400</used_space>
         <unused_space>0x0</unused_space>
         <attributes>RWIX</attributes>
         <usage_details>
            <allocated_space>
               <start_address>0x400</start_address>
               <size>0x300</size>
               <logical_group_ref idref="lg-9"/>
            </allocated_space>
            <allocated_space>
               <start_address>0x700</start_address>
               <size>0x100</size>
               <logical_group_ref idref="lg-f0"/>
            </allocated_space>
         </usage_details>
      </memory_area>
      <memory_area display="yes" color="green">
         <name>DRAML0</name>
         <page_id>0x1</page_id>
         <origin>0x8900</origin>
         <length>0x700</length>
         <used_space>0x3bc</used_space>
         <unused_space>0x344</unused_space>
         <attributes>RWIX</attributes>
         <usage_details>
            <allocated_space>
               <start_address>0x8900</start_address>
               <size>0x100</size>
               <logical_group_ref idref="lg-b"/>
            </allocated_space>
            <allocated_space>
               <start_address>0x8a00</start_address>
               <size>0xc</size>
               <logical_group_ref idref="lg-a"/>
            </allocated_space>
            <allocated_space>
               <start_address>0x8a0c</start_address>
               <size>0x20</size>
               <logical_group_ref idref="lg-dc"/>
            </allocated_space>
            <allocated_space>
               <start_address>0x8a2c</start_address>
               <size>0x11</size>
               <logical_group_ref idref="lg-d4"/>
            </allocated_space>
            <allocated_space>
               <start_address>0x8a3d</start_address>
               <size>0x3</size>
               <logical_group_ref idref="lg-ba"/>
            </allocated_space>
            <allocated_space>
               <start_address>0x8a40</start_address>
               <size>0x51</size>
               <logical_group_ref idref="lg-ee"/>
            </allocated_space>
            <allocated_space>
               <start_address>0x8a91</start_address>
               <size>0x1</size>
               <logical_group_ref idref="lg-b4"/>
            </allocated_space>
            <allocated_space>
               <start_address>0x8a92</start_address>
               <size>0x20</size>
               <logical_group_ref idref="lg-de"/>
            </allocated_space>
            <allocated_space>
               <start_address>0x8ab2</start_address>
               <size>0xa</size>
               <logical_group_ref idref="lg-c8"/>
            </allocated_space>
            <allocated_space>
               <start_address>0x8abc</start_address>
               <size>0x4</size>
               <logical_group_ref idref="lg-bc"/>
            </allocated_space>
            <allocated_space>
               <start_address>0x8ac0</start_address>
               <size>0x40</size>
               <logical_group_ref idref="lg-e4"/>
            </allocated_space>
            <allocated_space>
               <start_address>0x8b00</start_address>
               <size>0x40</size>
               <logical_group_ref idref="lg-e6"/>
            </allocated_space>
            <allocated_space>
               <start_address>0x8b40</start_address>
               <size>0x40</size>
               <logical_group_ref idref="lg-e8"/>
            </allocated_space>
            <allocated_space>
               <start_address>0x8b80</start_address>
               <size>0x40</size>
               <logical_group_ref idref="lg-ea"/>
            </allocated_space>
            <allocated_space>
               <start_address>0x8bc0</start_address>
               <size>0x40</size>
               <logical_group_ref idref="lg-ec"/>
            </allocated_space>
            <allocated_space>
               <start_address>0x8c00</start_address>
               <size>0x20</size>
               <logical_group_ref idref="lg-e0"/>
            </allocated_space>
            <allocated_space>
               <start_address>0x8c20</start_address>
               <size>0x1f</size>
               <logical_group_ref idref="lg-da"/>
            </allocated_space>
            <allocated_space>
               <start_address>0x8c3f</start_address>
               <size>0x1</size>
               <logical_group_ref idref="lg-b2"/>
            </allocated_space>
            <allocated_space>
               <start_address>0x8c40</start_address>
               <size>0x11</size>
               <logical_group_ref idref="lg-d6"/>
            </allocated_space>
            <allocated_space>
               <start_address>0x8c51</start_address>
               <size>0x10</size>
               <logical_group_ref idref="lg-cc"/>
            </allocated_space>
            <allocated_space>
               <start_address>0x8c61</start_address>
               <size>0x10</size>
               <logical_group_ref idref="lg-ce"/>
            </allocated_space>
            <allocated_space>
               <start_address>0x8c71</start_address>
               <size>0x1</size>
               <logical_group_ref idref="lg-b0"/>
            </allocated_space>
            <allocated_space>
               <start_address>0x8c72</start_address>
               <size>0x8</size>
               <logical_group_ref idref="lg-be"/>
            </allocated_space>
            <allocated_space>
               <start_address>0x8c7a</start_address>
               <size>0x2</size>
               <logical_group_ref idref="lg-b6"/>
            </allocated_space>
            <available_space>
               <start_address>0x8c7c</start_address>
               <size>0x4</size>
            </available_space>
            <allocated_space>
               <start_address>0x8c80</start_address>
               <size>0x10</size>
               <logical_group_ref idref="lg-d0"/>
            </allocated_space>
            <allocated_space>
               <start_address>0x8c90</start_address>
               <size>0x10</size>
               <logical_group_ref idref="lg-d2"/>
            </allocated_space>
            <allocated_space>
               <start_address>0x8ca0</start_address>
               <size>0x8</size>
               <logical_group_ref idref="lg-c0"/>
            </allocated_space>
            <allocated_space>
               <start_address>0x8ca8</start_address>
               <size>0x8</size>
               <logical_group_ref idref="lg-c2"/>
            </allocated_space>
            <allocated_space>
               <start_address>0x8cb0</start_address>
               <size>0x8</size>
               <logical_group_ref idref="lg-c4"/>
            </allocated_space>
            <allocated_space>
               <start_address>0x8cb8</start_address>
               <size>0x8</size>
               <logical_group_ref idref="lg-c6"/>
            </allocated_space>
            <available_space>
               <start_address>0x8cc0</start_address>
               <size>0x340</size>
            </available_space>
         </usage_details>
      </memory_area>
   </placement_map>
   <symbol_table>
      <symbol id="sm-0">
         <name>cinit</name>
         <value>0x50</value>
      </symbol>
      <symbol id="sm-1">
         <name>___cinit__</name>
         <value>0x50</value>
      </symbol>
      <symbol id="sm-2">
         <name>pinit</name>
         <value>0xffffffff</value>
      </symbol>
      <symbol id="sm-3">
         <name>___pinit__</name>
         <value>0xffffffff</value>
      </symbol>
      <symbol id="sm-4">
         <name>binit</name>
         <value>0xffffffff</value>
      </symbol>
      <symbol id="sm-5">
         <name>___binit__</name>
         <value>0xffffffff</value>
      </symbol>
      <symbol id="sm-6">
         <name>__STACK_SIZE</name>
         <value>0x300</value>
      </symbol>
      <symbol id="sm-7">
         <name>__STACK_END</name>
         <value>0x700</value>
      </symbol>
      <symbol id="sm-8">
         <name>___c_args__</name>
         <value>0xffffffff</value>
      </symbol>
      <symbol id="sm-9">
         <name>.text</name>
         <value>0x8000</value>
      </symbol>
      <symbol id="sm-a">
         <name>___text__</name>
         <value>0x8000</value>
      </symbol>
      <symbol id="sm-b">
         <name>etext</name>
         <value>0x83c4</value>
      </symbol>
      <symbol id="sm-c">
         <name>___etext__</name>
         <value>0x83c4</value>
      </symbol>
      <symbol id="sm-d">
         <name>___TI_pprof_out_hndl</name>
         <value>0xffffffff</value>
      </symbol>
      <symbol id="sm-e">
         <name>___TI_prof_data_start</name>
         <value>0xffffffff</value>
      </symbol>
      <symbol id="sm-f">
         <name>___TI_prof_data_size</name>
         <value>0xffffffff</value>
      </symbol>
      <symbol id="sm-bf">
         <name>_GpioCtrlRegs</name>
         <value>0x8bc0</value>
         <object_component_ref idref="oc-30"/>
      </symbol>
      <symbol id="sm-c0">
         <name>_PieVectTable</name>
         <value>0x700</value>
         <object_component_ref idref="oc-32"/>
      </symbol>
      <symbol id="sm-c1">
         <name>_SysPwrCtrlRegs</name>
         <value>0x8a3d</value>
         <object_component_ref idref="oc-17"/>
      </symbol>
      <symbol id="sm-c2">
         <name>_EmuBMode</name>
         <value>0x8a91</value>
         <object_component_ref idref="oc-14"/>
      </symbol>
      <symbol id="sm-c3">
         <name>_CsmRegs</name>
         <value>0x40</value>
         <object_component_ref idref="oc-1f"/>
      </symbol>
      <symbol id="sm-c4">
         <name>_AdcResult</name>
         <value>0x8a0c</value>
         <object_component_ref idref="oc-28"/>
      </symbol>
      <symbol id="sm-c5">
         <name>_EPwm4Regs</name>
         <value>0x8b80</value>
         <object_component_ref idref="oc-2f"/>
      </symbol>
      <symbol id="sm-c6">
         <name>_CpuTimer1Regs</name>
         <value>0x8ca0</value>
         <object_component_ref idref="oc-1a"/>
      </symbol>
      <symbol id="sm-c7">
         <name>_SysCtrlRegs</name>
         <value>0x8c20</value>
         <object_component_ref idref="oc-27"/>
      </symbol>
      <symbol id="sm-c8">
         <name>_SpiaRegs</name>
         <value>0x8c80</value>
         <object_component_ref idref="oc-22"/>
      </symbol>
      <symbol id="sm-c9">
         <name>_FlashRegs</name>
         <value>0x8cb8</value>
         <object_component_ref idref="oc-1d"/>
      </symbol>
      <symbol id="sm-ca">
         <name>_CpuTimer0Regs</name>
         <value>0x8c72</value>
         <object_component_ref idref="oc-19"/>
      </symbol>
      <symbol id="sm-cb">
         <name>_DevEmuRegs</name>
         <value>0x8abc</value>
         <object_component_ref idref="oc-18"/>
      </symbol>
      <symbol id="sm-cc">
         <name>_Comp1Regs</name>
         <value>0x8a2c</value>
         <object_component_ref idref="oc-24"/>
      </symbol>
      <symbol id="sm-cd">
         <name>_SciaRegs</name>
         <value>0x8c61</value>
         <object_component_ref idref="oc-21"/>
      </symbol>
      <symbol id="sm-ce">
         <name>_GpioDataRegs</name>
         <value>0x8c00</value>
         <object_component_ref idref="oc-2a"/>
      </symbol>
      <symbol id="sm-cf">
         <name>_CsmPwl</name>
         <value>0x8cb0</value>
         <object_component_ref idref="oc-1c"/>
      </symbol>
      <symbol id="sm-d0">
         <name>_AdcRegs</name>
         <value>0x8a40</value>
         <object_component_ref idref="oc-31"/>
      </symbol>
      <symbol id="sm-d1">
         <name>_Comp2Regs</name>
         <value>0x8c40</value>
         <object_component_ref idref="oc-25"/>
      </symbol>
      <symbol id="sm-d2">
         <name>_XIntruptRegs</name>
         <value>0x8c90</value>
         <object_component_ref idref="oc-23"/>
      </symbol>
      <symbol id="sm-d3">
         <name>_CpuTimer2Regs</name>
         <value>0x8ca8</value>
         <object_component_ref idref="oc-1b"/>
      </symbol>
      <symbol id="sm-d4">
         <name>_PieCtrlRegs</name>
         <value>0x24</value>
         <object_component_ref idref="oc-26"/>
      </symbol>
      <symbol id="sm-d5">
         <name>_ECap1Regs</name>
         <value>0x8a92</value>
         <object_component_ref idref="oc-29"/>
      </symbol>
      <symbol id="sm-d6">
         <name>_EmuKey</name>
         <value>0x8c3f</value>
         <object_component_ref idref="oc-13"/>
      </symbol>
      <symbol id="sm-d7">
         <name>_EPwm1Regs</name>
         <value>0x8ac0</value>
         <object_component_ref idref="oc-2c"/>
      </symbol>
      <symbol id="sm-d8">
         <name>_GpioIntRegs</name>
         <value>0x8ab2</value>
         <object_component_ref idref="oc-1e"/>
      </symbol>
      <symbol id="sm-d9">
         <name>_PartIdRegs</name>
         <value>0x8c71</value>
         <object_component_ref idref="oc-12"/>
      </symbol>
      <symbol id="sm-da">
         <name>_Flash_CPUScaleFactor</name>
         <value>0x8c7a</value>
         <object_component_ref idref="oc-15"/>
      </symbol>
      <symbol id="sm-db">
         <name>_EPwm2Regs</name>
         <value>0x8b00</value>
         <object_component_ref idref="oc-2d"/>
      </symbol>
      <symbol id="sm-dc">
         <name>_NmiIntruptRegs</name>
         <value>0x8c51</value>
         <object_component_ref idref="oc-20"/>
      </symbol>
      <symbol id="sm-dd">
         <name>_Flash_CallbackPtr</name>
         <value>0x3e</value>
         <object_component_ref idref="oc-16"/>
      </symbol>
      <symbol id="sm-de">
         <name>_EPwm3Regs</name>
         <value>0x8b40</value>
         <object_component_ref idref="oc-2e"/>
      </symbol>
      <symbol id="sm-df">
         <name>_I2caRegs</name>
         <value>0x2</value>
         <object_component_ref idref="oc-2b"/>
      </symbol>
      <symbol id="sm-eb">
         <name>_Setup_GPIO</name>
         <value>0x828b</value>
         <object_component_ref idref="oc-9c"/>
      </symbol>
      <symbol id="sm-fc">
         <name>code_start</name>
         <value>0x0</value>
         <object_component_ref idref="oc-3a"/>
      </symbol>
      <symbol id="sm-13a">
         <name>_ILLEGAL_ISR</name>
         <value>0x8156</value>
         <object_component_ref idref="oc-40"/>
      </symbol>
      <symbol id="sm-13c">
         <name>_ADCINT4_ISR</name>
         <value>0x820a</value>
         <object_component_ref idref="oc-40"/>
      </symbol>
      <symbol id="sm-13e">
         <name>_DATALOG_ISR</name>
         <value>0x8142</value>
         <object_component_ref idref="oc-40"/>
      </symbol>
      <symbol id="sm-140">
         <name>_SPITXINTA_ISR</name>
         <value>0x81ec</value>
         <object_component_ref idref="oc-40"/>
      </symbol>
      <symbol id="sm-142">
         <name>_SPIRXINTA_ISR</name>
         <value>0x81e7</value>
         <object_component_ref idref="oc-40"/>
      </symbol>
      <symbol id="sm-144">
         <name>_INT13_ISR</name>
         <value>0x8138</value>
         <object_component_ref idref="oc-40"/>
      </symbol>
      <symbol id="sm-146">
         <name>_ADCINT5_ISR</name>
         <value>0x820f</value>
         <object_component_ref idref="oc-40"/>
      </symbol>
      <symbol id="sm-148">
         <name>_EPWM4_INT_ISR</name>
         <value>0x81dd</value>
         <object_component_ref idref="oc-40"/>
      </symbol>
      <symbol id="sm-14a">
         <name>_USER5_ISR</name>
         <value>0x816f</value>
         <object_component_ref idref="oc-40"/>
      </symbol>
      <symbol id="sm-14c">
         <name>_EMPTY_ISR</name>
         <value>0x8228</value>
         <object_component_ref idref="oc-40"/>
      </symbol>
      <symbol id="sm-14e">
         <name>_EPWM4_TZINT_ISR</name>
         <value>0x81c9</value>
         <object_component_ref idref="oc-40"/>
      </symbol>
      <symbol id="sm-150">
         <name>_EMUINT_ISR</name>
         <value>0x814c</value>
         <object_component_ref idref="oc-40"/>
      </symbol>
      <symbol id="sm-152">
         <name>_ECAP1_INT_ISR</name>
         <value>0x81e2</value>
         <object_component_ref idref="oc-40"/>
      </symbol>
      <symbol id="sm-154">
         <name>_EPWM1_TZINT_ISR</name>
         <value>0x81ba</value>
         <object_component_ref idref="oc-40"/>
      </symbol>
      <symbol id="sm-156">
         <name>_ADCINT6_ISR</name>
         <value>0x8214</value>
         <object_component_ref idref="oc-40"/>
      </symbol>
      <symbol id="sm-158">
         <name>_ADCINT8_ISR</name>
         <value>0x821e</value>
         <object_component_ref idref="oc-40"/>
      </symbol>
      <symbol id="sm-15a">
         <name>_USER11_ISR</name>
         <value>0x818d</value>
         <object_component_ref idref="oc-40"/>
      </symbol>
      <symbol id="sm-15c">
         <name>_EPWM3_TZINT_ISR</name>
         <value>0x81c4</value>
         <object_component_ref idref="oc-40"/>
      </symbol>
      <symbol id="sm-15e">
         <name>_USER4_ISR</name>
         <value>0x816a</value>
         <object_component_ref idref="oc-40"/>
      </symbol>
      <symbol id="sm-160">
         <name>_EPWM2_TZINT_ISR</name>
         <value>0x81bf</value>
         <object_component_ref idref="oc-40"/>
      </symbol>
      <symbol id="sm-162">
         <name>_EPWM2_INT_ISR</name>
         <value>0x81d3</value>
         <object_component_ref idref="oc-40"/>
      </symbol>
      <symbol id="sm-164">
         <name>_TINT0_ISR</name>
         <value>0x81b0</value>
         <object_component_ref idref="oc-40"/>
      </symbol>
      <symbol id="sm-166">
         <name>_WAKEINT_ISR</name>
         <value>0x81b5</value>
         <object_component_ref idref="oc-40"/>
      </symbol>
      <symbol id="sm-168">
         <name>_ADCINT7_ISR</name>
         <value>0x8219</value>
         <object_component_ref idref="oc-40"/>
      </symbol>
      <symbol id="sm-16a">
         <name>_ADCINT9_ISR</name>
         <value>0x81ab</value>
         <object_component_ref idref="oc-40"/>
      </symbol>
      <symbol id="sm-16c">
         <name>_USER10_ISR</name>
         <value>0x8188</value>
         <object_component_ref idref="oc-40"/>
      </symbol>
      <symbol id="sm-16e">
         <name>_USER7_ISR</name>
         <value>0x8179</value>
         <object_component_ref idref="oc-40"/>
      </symbol>
      <symbol id="sm-170">
         <name>_XINT1_ISR</name>
         <value>0x81a1</value>
         <object_component_ref idref="oc-40"/>
      </symbol>
      <symbol id="sm-172">
         <name>_INT14_ISR</name>
         <value>0x813d</value>
         <object_component_ref idref="oc-40"/>
      </symbol>
      <symbol id="sm-174">
         <name>_USER6_ISR</name>
         <value>0x8174</value>
         <object_component_ref idref="oc-40"/>
      </symbol>
      <symbol id="sm-176">
         <name>_ADCINT1_ISR</name>
         <value>0x8197</value>
         <object_component_ref idref="oc-40"/>
      </symbol>
      <symbol id="sm-178">
         <name>_USER12_ISR</name>
         <value>0x8192</value>
         <object_component_ref idref="oc-40"/>
      </symbol>
      <symbol id="sm-17a">
         <name>_USER1_ISR</name>
         <value>0x815b</value>
         <object_component_ref idref="oc-40"/>
      </symbol>
      <symbol id="sm-17c">
         <name>_XINT3_ISR</name>
         <value>0x8223</value>
         <object_component_ref idref="oc-40"/>
      </symbol>
      <symbol id="sm-17e">
         <name>_NMI_ISR</name>
         <value>0x8151</value>
         <object_component_ref idref="oc-40"/>
      </symbol>
      <symbol id="sm-180">
         <name>_ADCINT2_ISR</name>
         <value>0x819c</value>
         <object_component_ref idref="oc-40"/>
      </symbol>
      <symbol id="sm-182">
         <name>_PIE_RESERVED</name>
         <value>0x822d</value>
         <object_component_ref idref="oc-40"/>
      </symbol>
      <symbol id="sm-184">
         <name>_I2CINT1A_ISR</name>
         <value>0x81f1</value>
         <object_component_ref idref="oc-40"/>
      </symbol>
      <symbol id="sm-186">
         <name>_XINT2_ISR</name>
         <value>0x81a6</value>
         <object_component_ref idref="oc-40"/>
      </symbol>
      <symbol id="sm-188">
         <name>_I2CINT2A_ISR</name>
         <value>0x81f6</value>
         <object_component_ref idref="oc-40"/>
      </symbol>
      <symbol id="sm-18a">
         <name>_RTOSINT_ISR</name>
         <value>0x8147</value>
         <object_component_ref idref="oc-40"/>
      </symbol>
      <symbol id="sm-18c">
         <name>_EPWM3_INT_ISR</name>
         <value>0x81d8</value>
         <object_component_ref idref="oc-40"/>
      </symbol>
      <symbol id="sm-18e">
         <name>_ADCINT3_ISR</name>
         <value>0x8205</value>
         <object_component_ref idref="oc-40"/>
      </symbol>
      <symbol id="sm-190">
         <name>_USER9_ISR</name>
         <value>0x8183</value>
         <object_component_ref idref="oc-40"/>
      </symbol>
      <symbol id="sm-192">
         <name>_USER3_ISR</name>
         <value>0x8165</value>
         <object_component_ref idref="oc-40"/>
      </symbol>
      <symbol id="sm-194">
         <name>_USER8_ISR</name>
         <value>0x817e</value>
         <object_component_ref idref="oc-40"/>
      </symbol>
      <symbol id="sm-196">
         <name>_EPWM1_INT_ISR</name>
         <value>0x81ce</value>
         <object_component_ref idref="oc-40"/>
      </symbol>
      <symbol id="sm-198">
         <name>_USER2_ISR</name>
         <value>0x8160</value>
         <object_component_ref idref="oc-40"/>
      </symbol>
      <symbol id="sm-19a">
         <name>_SCITXINTA_ISR</name>
         <value>0x8200</value>
         <object_component_ref idref="oc-40"/>
      </symbol>
      <symbol id="sm-19c">
         <name>_SCIRXINTA_ISR</name>
         <value>0x81fb</value>
         <object_component_ref idref="oc-40"/>
      </symbol>
      <symbol id="sm-19e">
         <name>_rsvd_ISR</name>
         <value>0x8232</value>
         <object_component_ref idref="oc-40"/>
      </symbol>
      <symbol id="sm-1b4">
         <name>_InitPieCtrl</name>
         <value>0x8310</value>
         <object_component_ref idref="oc-9a"/>
      </symbol>
      <symbol id="sm-1b6">
         <name>_EnableInterrupts</name>
         <value>0x832f</value>
         <object_component_ref idref="oc-9a"/>
      </symbol>
      <symbol id="sm-1c7">
         <name>_PieVectTableInit</name>
         <value>0x8900</value>
         <object_component_ref idref="oc-9f"/>
      </symbol>
      <symbol id="sm-1c8">
         <name>_InitPieVectTable</name>
         <value>0x8338</value>
         <object_component_ref idref="oc-9b"/>
      </symbol>
      <symbol id="sm-1de">
         <name>_InitPll</name>
         <value>0x802c</value>
         <object_component_ref idref="oc-99"/>
      </symbol>
      <symbol id="sm-1e0">
         <name>_IntOsc1Sel</name>
         <value>0x80e3</value>
         <object_component_ref idref="oc-99"/>
      </symbol>
      <symbol id="sm-1e2">
         <name>_ExtOscSel</name>
         <value>0x8122</value>
         <object_component_ref idref="oc-99"/>
      </symbol>
      <symbol id="sm-1e4">
         <name>_DisableDog</name>
         <value>0x8024</value>
         <object_component_ref idref="oc-99"/>
      </symbol>
      <symbol id="sm-1e6">
         <name>_InitPeripheralClocks</name>
         <value>0x8080</value>
         <object_component_ref idref="oc-99"/>
      </symbol>
      <symbol id="sm-1e8">
         <name>_IntOsc2Sel</name>
         <value>0x80f3</value>
         <object_component_ref idref="oc-99"/>
      </symbol>
      <symbol id="sm-1ea">
         <name>_CsmUnlock</name>
         <value>0x80b2</value>
         <object_component_ref idref="oc-99"/>
      </symbol>
      <symbol id="sm-1ec">
         <name>_ServiceDog</name>
         <value>0x801a</value>
         <object_component_ref idref="oc-99"/>
      </symbol>
      <symbol id="sm-1ee">
         <name>_XtalOscSel</name>
         <value>0x8107</value>
         <object_component_ref idref="oc-99"/>
      </symbol>
      <symbol id="sm-1f0">
         <name>_InitSysCtrl</name>
         <value>0x8000</value>
         <object_component_ref idref="oc-99"/>
      </symbol>
      <symbol id="sm-1fd">
         <name>_DSP28x_usDelay</name>
         <value>0x6f</value>
         <object_component_ref idref="oc-59"/>
      </symbol>
      <symbol id="sm-210">
         <name>_main</name>
         <value>0x82bd</value>
         <object_component_ref idref="oc-96"/>
      </symbol>
      <symbol id="sm-212">
         <name>_count</name>
         <value>0x8a0a</value>
         <object_component_ref idref="oc-60"/>
      </symbol>
      <symbol id="sm-22d">
         <name>_c_int00</name>
         <value>0x8237</value>
         <object_component_ref idref="oc-10"/>
      </symbol>
      <symbol id="sm-22e">
         <name>__stack</name>
         <value>0x400</value>
         <object_component_ref idref="oc-65"/>
      </symbol>
      <symbol id="sm-23d">
         <name>_copy_in</name>
         <value>0x835e</value>
         <object_component_ref idref="oc-91"/>
      </symbol>
      <symbol id="sm-24f">
         <name>_memcpy</name>
         <value>0x8382</value>
         <object_component_ref idref="oc-95"/>
      </symbol>
      <symbol id="sm-25c">
         <name>__system_pre_init</name>
         <value>0x83c1</value>
         <object_component_ref idref="oc-90"/>
      </symbol>
      <symbol id="sm-26a">
         <name>__system_post_cinit</name>
         <value>0x83c3</value>
         <object_component_ref idref="oc-92"/>
      </symbol>
      <symbol id="sm-27f">
         <name>C$$EXIT</name>
         <value>0x82e7</value>
         <object_component_ref idref="oc-94"/>
      </symbol>
      <symbol id="sm-280">
         <name>_exit</name>
         <value>0x82e9</value>
         <object_component_ref idref="oc-94"/>
      </symbol>
      <symbol id="sm-282">
         <name>___TI_cleanup_ptr</name>
         <value>0x8a02</value>
         <object_component_ref idref="oc-81"/>
      </symbol>
      <symbol id="sm-283">
         <name>___TI_enable_exit_profile_output</name>
         <value>0x8a00</value>
         <object_component_ref idref="oc-81"/>
      </symbol>
      <symbol id="sm-284">
         <name>_abort</name>
         <value>0x82e7</value>
         <object_component_ref idref="oc-94"/>
      </symbol>
      <symbol id="sm-286">
         <name>___TI_dtors_ptr</name>
         <value>0x8a04</value>
         <object_component_ref idref="oc-81"/>
      </symbol>
      <symbol id="sm-29a">
         <name>__unlock</name>
         <value>0x8a08</value>
         <object_component_ref idref="oc-a0"/>
      </symbol>
      <symbol id="sm-29b">
         <name>__lock</name>
         <value>0x8a06</value>
         <object_component_ref idref="oc-97"/>
      </symbol>
      <symbol id="sm-29c">
         <name>__register_lock</name>
         <value>0x83b4</value>
         <object_component_ref idref="oc-9d"/>
      </symbol>
      <symbol id="sm-29e">
         <name>__nop</name>
         <value>0x83b8</value>
         <object_component_ref idref="oc-9d"/>
      </symbol>
      <symbol id="sm-2a0">
         <name>__register_unlock</name>
         <value>0x83b0</value>
         <object_component_ref idref="oc-9d"/>
      </symbol>
      <symbol id="sm-2b0">
         <name>__args_main</name>
         <value>0x839f</value>
         <object_component_ref idref="oc-93"/>
      </symbol>
   </symbol_table>
   <title>Link successful</title>
</link_info>
